# Tests adding one node to a graph

# Creates an empty graph
created graph graph1

# Adds one node
added node node1 to graph1

# Print the nodes in the graph
graph1 contains: node1