# Tests adding two nodes to a graph

# Creates an empty graph
created graph graph1

# Adds two nodes
added node node2 to graph1
added node node1 to graph1

# Print the nodes in the graph
graph1 contains: node1 node2