# Test for edges of a childless node

# Creates an empty graph
created graph graph1

# Adds a node to the graph
added node node1 to graph1

# Lists the children of the node
the children of node1 in graph1 are: