# Test for the nodes of an empty graph

# Creates an empty graph
created graph graph1

# Lists the nodes of the empty graph
graph1 contains: