# Tests Dijkstra's algorithm for a node
# with a path to itself

created graph simpleGraph

added node A to simpleGraph

path from A to A:
total cost: 0.000