# Tests Dijkstra's algorithm when there is no
# path between two nodes

created graph simpleGraph

added node A to simpleGraph
added node B to simpleGraph
added node C to simpleGraph

added edge 1.000 from A to B in simpleGraph

path from A to C:
no path found